// Jest Snapshot v1, https://goo.gl/fbAQLP

exports[`should render AddQuiz component 1`] = `
<div>
  <form>
    <label
      htmlFor="add-quiz-title"
    >
      Title
    </label>
    <input
      id="add-quiz-title"
      onChange={[Function]}
      type="text"
      value=""
    />
    <label
      htmlFor="add-quiz-description"
    >
      Description
    </label>
    <input
      id="add-quiz-description"
      onChange={[Function]}
      type="text"
      value=""
    />
    <select
      id="question-options-dropdown"
      name=""
      onChange={[Function]}
    >
      <option
        hidden={true}
        value="choose"
      >
        select
      </option>
      <option
        value="private"
      >
        private
      </option>
      <option
        value="public"
      >
        public
      </option>
    </select>
    <button
      onClick={[Function]}
      type="button"
    >
      Submit Quiz
    </button>
  </form>
</div>
`;
