// Jest Snapshot v1, https://goo.gl/fbAQLP

exports[`should render CreateQuiz component 1`] = `
<div>
  <Link
    className="create-quiz-page"
    replace={false}
    to="/add-quiz"
  >
    Add Quiz
  </Link>
  <Link
    className="create-quiz-page"
    replace={false}
    to="/test-quiz"
  >
    Test Quiz
  </Link>
  <Link
    className="create-quiz-page"
    replace={false}
    to="/view-quiz"
  >
    View Quizzes
  </Link>
  <Link
    className="create-quiz-page"
    replace={false}
    to="/add-question"
  >
    Add Question
  </Link>
</div>
`;
