// Jest Snapshot v1, https://goo.gl/fbAQLP

exports[`should render CreateQuizPage component 1`] = `
<div
  className="create-quiz-page"
>
  <main>
    <div
      className="create-quiz-container invalid"
    >
      <p
        className="title"
      >
        Create a quiz
      </p>
      <form
        className="details"
      >
        <div
          className="group"
        >
          <label
            htmlFor="create-quiz-title"
          >
            Title
          </label>
          <input
            id="create-quiz-title"
            onChange={[Function]}
            type="text"
            value=""
          />
        </div>
        <div
          className="group"
        >
          <label
            htmlFor="create-quiz-description"
          >
            Description
          </label>
          <textarea
            id="create-quiz-description"
            onChange={[Function]}
            rows={3}
            value=""
          />
        </div>
        <div
          className="group"
        >
          <label
            htmlFor="owner"
          >
            Owner
          </label>
          <FontAwesomeIcon
            border={false}
            className="icon"
            fixedWidth={false}
            flip={null}
            icon="angle-down"
            inverse={false}
            listItem={false}
            mask={null}
            pull={null}
            pulse={false}
            rotation={null}
            size={null}
            spin={false}
            symbol={false}
            transform={null}
          />
          <select
            id="question-options-dropdown"
            name="owner"
            onChange={[Function]}
          >
            <option
              hidden={true}
              value="choose"
            >
              select
            </option>
            <option
              value="private"
            >
              private
            </option>
            <option
              value="public"
            >
              public
            </option>
          </select>
        </div>
        <button
          className="save-quiz"
          disabled={true}
          onClick={[Function]}
          type="button"
        >
          Create
        </button>
      </form>
    </div>
  </main>
</div>
`;
