// Jest Snapshot v1, https://goo.gl/fbAQLP

exports[`should render DashboardPage component 1`] = `
<div
  className="dashboard-page"
>
  <div
    className="blocks"
  >
    <div
      className="main"
    >
      <section
        className="quizzes"
      >
        <h2
          className="quizzes-title"
        >
          Quizzes
        </h2>
        <main>
          <div
            className="quizzes-created"
          >
            <p
              className="count"
            >
              22
            </p>
            <p
              className="label"
            >
              / created
            </p>
            <Link
              className="link"
              replace={false}
              to="/quizzes/created"
            >
              <SvgArrowIcon
                className="arrow"
                onAnimationEnd={[Function]}
                onMouseOver={[Function]}
              />
            </Link>
          </div>
          <div
            className="quizzes-taken"
          >
            <p
              className="count"
            >
              2
            </p>
            <p
              className="label"
            >
              / taken
            </p>
            <Link
              className="link"
              replace={false}
              to="/quizzes/taken"
            >
              <SvgArrowIcon
                className="arrow"
                onAnimationEnd={[Function]}
                onMouseOver={[Function]}
              />
            </Link>
          </div>
        </main>
      </section>
      <section
        className="achievements"
      >
        <h2
          className="header-title"
        >
          Achievements
        </h2>
        <p
          className="text"
        >
          You have not earned any achievements yet.
        </p>
      </section>
    </div>
    <aside
      className="side-top"
    >
      <h2
        className="header-title"
      >
        Power-ups
      </h2>
      <main>
        <div
          className="container"
        >
          <SvgDoubleIcon
            className="icon"
          />
          <p
            className="name"
          >
            Multiplier
          </p>
          <p
            className="amount"
          >
            x8
          </p>
        </div>
        <div
          className="container"
        >
          <SvgParseIcon
            className="icon"
          />
          <p
            className="name"
          >
            Parser
          </p>
          <p
            className="amount"
          >
            x3
          </p>
        </div>
        <div
          className="container"
        >
          <SvgForgiveIcon
            className="icon present"
          />
          <p
            className="name"
          >
            Forgiving
          </p>
          <p
            className="amount"
          >
            x1
          </p>
        </div>
      </main>
    </aside>
    <aside
      className="side-bottom"
    >
      <h2
        className="header-title"
      >
        Leaderboards
      </h2>
      <main>
        <div
          className="container"
          key="malin20"
        >
          <p
            className="username"
          >
            malin20
          </p>
          <p
            className="total"
          >
            25
          </p>
          <SvgCoinIcon
            className="coin"
          />
        </div>
      </main>
    </aside>
  </div>
</div>
`;
