// Jest Snapshot v1, https://goo.gl/fbAQLP

exports[`should render LoginSetupPage component 1`] = `
<div>
  <LoadingScreen
    bgColor="#42a6a6"
    loading={true}
    logoSrc="https://vignette.wikia.nocookie.net/2007scape/images/5/59/Blue_wizard_hat_%28t%29_detail.png/revision/latest?cb=20180514220409"
    spinnerColor="#fcfeff"
    text="Welcome to the World of Quizzard!"
    textColor="#ffffff"
  >
    <div />
  </LoadingScreen>
</div>
`;
