// Jest Snapshot v1, https://goo.gl/fbAQLP

exports[`should render ResetPasswordPage component 1`] = `
<div>
  <Link
    replace={false}
    to="/login"
  >
    Logo
  </Link>
  <br />
  <form
    onSubmit={[Function]}
  >
    <label
      htmlFor="password"
    >
      Enter a new password
    </label>
    <input
      name="password"
      type="text"
      value=""
    />
    <button
      type="submit"
    >
      Submit
    </button>
  </form>
</div>
`;
